CLI Building entry: src/index.ts
CLI Using tsconfig: tsconfig.json
CLI tsup v8.5.1
CLI Using tsup config: /Users/eric/doormart/resend-editor/tsup.config.ts
CLI Target: es2019
CLI Cleaning output folder
CJS Build start
ESM Build start
✘ [ERROR] It looks like you're trying to use `tailwindcss` directly as a PostCSS plugin. The PostCSS plugin has moved to a separate package, so to continue using Tailwind CSS with PostCSS you'll need to install `@tailwindcss/postcss` and update your PostCSS configuration. [plugin postcss]

    node_modules/tailwindcss/dist/lib.js:38:1628:
      38 │ ...esignSystem}function at(){throw new Error("It looks like you're...
         ╵                                    ^

    at at (/Users/eric/doormart/resend-editor/node_modules/tailwindcss/dist/lib.js:38:1629)
    at LazyResult.runOnRoot (/Users/eric/doormart/resend-editor/node_modules/postcss/lib/lazy-result.js:361:16)
    at LazyResult.runAsync (/Users/eric/doormart/resend-editor/node_modules/postcss/lib/lazy-result.js:290:26)
    at LazyResult.async (/Users/eric/doormart/resend-editor/node_modules/postcss/lib/lazy-result.js:192:30)
    at LazyResult.then (/Users/eric/doormart/resend-editor/node_modules/postcss/lib/lazy-result.js:436:17)

  This error came from the "onLoad" callback registered here:

    node_modules/tsup/dist/index.js:186:13:
      186 │       build2.onLoad({ filter: /\.css$/ }, async (args) => {
          ╵              ~~~~~~

    at setup (/Users/eric/doormart/resend-editor/node_modules/tsup/dist/index.js:186:14)
    at handlePlugins (/Users/eric/doormart/resend-editor/node_modules/esbuild/lib/main.js:1141:21)
    at buildOrContextImpl (/Users/eric/doormart/resend-editor/node_modules/esbuild/lib/main.js:854:5)
    at Object.buildOrContext (/Users/eric/doormart/resend-editor/node_modules/esbuild/lib/main.js:680:5)
    at /Users/eric/doormart/resend-editor/node_modules/esbuild/lib/main.js:2026:15
    at new Promise (<anonymous>)
    at Object.build (/Users/eric/doormart/resend-editor/node_modules/esbuild/lib/main.js:2025:25)
    at build (/Users/eric/doormart/resend-editor/node_modules/esbuild/lib/main.js:1876:51)
    at runEsbuild (/Users/eric/doormart/resend-editor/node_modules/tsup/dist/index.js:525:35)

  The plugin "postcss" was triggered by this import

    src/index.ts:1:7:
      1 │ import './styles.css';
        ╵        ~~~~~~~~~~~~~~

✘ [ERROR] It looks like you're trying to use `tailwindcss` directly as a PostCSS plugin. The PostCSS plugin has moved to a separate package, so to continue using Tailwind CSS with PostCSS you'll need to install `@tailwindcss/postcss` and update your PostCSS configuration. [plugin postcss]

    node_modules/tailwindcss/dist/lib.js:38:1628:
      38 │ ...esignSystem}function at(){throw new Error("It looks like you're...
         ╵                                    ^

    at at (/Users/eric/doormart/resend-editor/node_modules/tailwindcss/dist/lib.js:38:1629)
    at LazyResult.runOnRoot (/Users/eric/doormart/resend-editor/node_modules/postcss/lib/lazy-result.js:361:16)
    at LazyResult.runAsync (/Users/eric/doormart/resend-editor/node_modules/postcss/lib/lazy-result.js:290:26)
    at LazyResult.async (/Users/eric/doormart/resend-editor/node_modules/postcss/lib/lazy-result.js:192:30)
    at LazyResult.then (/Users/eric/doormart/resend-editor/node_modules/postcss/lib/lazy-result.js:436:17)

  This error came from the "onLoad" callback registered here:

    node_modules/tsup/dist/index.js:186:13:
      186 │       build2.onLoad({ filter: /\.css$/ }, async (args) => {
          ╵              ~~~~~~

    at setup (/Users/eric/doormart/resend-editor/node_modules/tsup/dist/index.js:186:14)
    at handlePlugins (/Users/eric/doormart/resend-editor/node_modules/esbuild/lib/main.js:1141:21)
    at buildOrContextImpl (/Users/eric/doormart/resend-editor/node_modules/esbuild/lib/main.js:854:5)
    at Object.buildOrContext (/Users/eric/doormart/resend-editor/node_modules/esbuild/lib/main.js:680:5)
    at /Users/eric/doormart/resend-editor/node_modules/esbuild/lib/main.js:2026:15
    at new Promise (<anonymous>)
    at Object.build (/Users/eric/doormart/resend-editor/node_modules/esbuild/lib/main.js:2025:25)
    at build (/Users/eric/doormart/resend-editor/node_modules/esbuild/lib/main.js:1876:51)
    at runEsbuild (/Users/eric/doormart/resend-editor/node_modules/tsup/dist/index.js:525:35)

  The plugin "postcss" was triggered by this import

    src/index.ts:1:7:
      1 │ import './styles.css';
        ╵        ~~~~~~~~~~~~~~

CJS Build failed
Error: Build failed with 1 error:
node_modules/tailwindcss/dist/lib.js:38:1628: ERROR: [plugin: postcss] It looks like you're trying to use `tailwindcss` directly as a PostCSS plugin. The PostCSS plugin has moved to a separate package, so to continue using Tailwind CSS with PostCSS you'll need to install `@tailwindcss/postcss` and update your PostCSS configuration.
    at failureErrorWithLog (/Users/eric/doormart/resend-editor/node_modules/esbuild/lib/main.js:1467:15)
    at /Users/eric/doormart/resend-editor/node_modules/esbuild/lib/main.js:926:25
    at runOnEndCallbacks (/Users/eric/doormart/resend-editor/node_modules/esbuild/lib/main.js:1307:45)
    at buildResponseToResult (/Users/eric/doormart/resend-editor/node_modules/esbuild/lib/main.js:924:7)
    at /Users/eric/doormart/resend-editor/node_modules/esbuild/lib/main.js:951:16
    at responseCallbacks.<computed> (/Users/eric/doormart/resend-editor/node_modules/esbuild/lib/main.js:603:9)
    at handleIncomingPacket (/Users/eric/doormart/resend-editor/node_modules/esbuild/lib/main.js:658:12)
    at Socket.readFromStdout (/Users/eric/doormart/resend-editor/node_modules/esbuild/lib/main.js:581:7)
    at Socket.emit (node:events:508:28)
    at addChunk (node:internal/streams/readable:559:12)
ESM Build failed
DTS Build start
DTS ⚡️ Build success in 1280ms
DTS dist/index.d.ts  1.17 KB
DTS dist/index.d.mts 1.17 KB
